
> socheata_personal_website@0.0.0 build
> tsc -b && vite build

src/App.tsx(1,1): error TS6133: 'React' is declared but its value is never read.
src/components/Contact.tsx(2,16): error TS2305: Module '"lucide-react"' has no exported member 'Github'.
src/components/Contact.tsx(2,24): error TS2305: Module '"lucide-react"' has no exported member 'Linkedin'.
src/components/Contact.tsx(2,34): error TS2305: Module '"lucide-react"' has no exported member 'Twitter'.
